I'm sorry, but errors were detected in your script. Please correct the
errors listed below, and try again.


File "game/script.rpy", line 3: is not terminated with a newline. (Check strings and parenthesis.)
    define im = Character ("Iron-Man", color= "#ff0000"）

Ren'Py Version: Ren'Py 8.3.7.25031702
Sat Apr 12 11:03:03 2025
